// Jest Snapshot v1, https://goo.gl/fbAQLP

exports[`Button should return correct snapshot 1`] = `
<button
  class="button s primary"
  type="button"
>
  Button
</button>
`;
